   |
12 | GIVEN n IS A NUMBER
   | ^^^^^
unexpected GIVEN
expecting <, ELSE, NLG Annotation, [, or space token

