  |
8 | DECIDE factorial MEANS n
  |                  ^^^^^
unexpected MEANS
expecting <, IF, IS, NLG Annotation, OF, [, identifier, or space token

