  |
9 | ASSUME one IS A
  | ^
incorrect indentation (got 1, should be greater than 1)

