ยง `Expression priority`

DECIDE x1 IF     foo
             AND bar

DECIDE x2 IF     foo
             AND NOT bar
