ยง Example

GIVEN x IS A Person
x MEANS walks

GIVEN p IS A Person
`must sing` MEANS
              walks
       AND    drinks
           OR eats
