DECIDE foo [Test]
            a [A Comment]
            b [B Comment]
            c
    IS c [C comment]
