[:1:9-24] List
  [:1:14-24] [The List]
[:1:28-40] a
  [:1:30-40] [Elements]
[:3:5-21] Nil
  [:3:9-21] [Empty Case]
[:4:5-23] Cons
  [:4:10-23] [Followed By]
[:5:7-31] head
  [:5:12-31] [Get First Element]
[:5:38-55] a
  [:5:40-55] [Start Element]
[:6:7-31] tail
  [:6:12-31] [Get Tail Elements]
[:6:45-65] a
  [:6:47-65] [Rest of elements]
