[:8:7-17] p
  [:8:9-17] [person]
[:10:15-43] walks
  [:10:21-43] [the person must walk]
[:11:15-41] eats
  [:11:20-41] [the person must eat]
