[:1:9-27] PAIR
  [:1:14-27] [The Pair Of]
[:2:7-22] fst
  [:2:11-22] [the first]
[:3:7-23] snd
  [:3:11-23] [the second]
