[:1:8-21] foo
  [:1:12-21] @nlg Test
[:2:13-29] a
  [:2:15-29] @nlg A Comment
[:3:13-29] b
  [:3:15-29] @nlg B Comment
[:4:13-49] c
  [:4:15-49] @nlg %b%'s favorite coffee flavour
[:6:17-18] c
  [:7:9-24] @nlg Expression
