Too many annotations:
  Name: [:1:3-3:23] `Section Head`
    [:2:1-45] [NLG annotation to section names are valid.]
    [:3:1-23] [Too many annotations]


