[:1:3-2:45] `Section Head`
  [:2:1-45] [NLG annotation to section names are valid.]
