Parsing successful
Typechecking successful
operators.l4:66:7-21:
TRUE
operators.l4:67:7-21:
TRUE
operators.l4:68:7-21:
TRUE
operators.l4:69:7-21:
TRUE
operators.l4:70:7-21:
TRUE
operators.l4:71:7-21:
TRUE
operators.l4:72:7-21:
TRUE
operators.l4:74:7-21:
TRUE
operators.l4:75:7-21:
TRUE
operators.l4:76:7-21:
TRUE
operators.l4:77:7-21:
TRUE
operators.l4:79:7-22:
TRUE
operators.l4:80:7-21:
TRUE
operators.l4:81:7-22:
TRUE
operators.l4:82:7-21:
TRUE
operators.l4:84:7-22:
TRUE
operators.l4:85:7-20:
TRUE
operators.l4:86:7-20:
TRUE
operators.l4:88:7-22:
TRUE
