

ASSUME zero IS A NUMBER

ยง `Section title`

ASSUME one IS A NUMBER

ยง ยง

ASSUME two IS A NUMBER
