[:6:25-52] a
  [:6:27-52] [an already ordered list]
