ยง `Type-directed name resolution`

ASSUME foo IS A NUMBER
ASSUME foo IS A BOOLEAN

DECIDE bar
  IS foo
