Phase: Lexer
1:1-2 SemanticTokenTypes_Operator
1:3-16 SemanticTokenTypes_Variable
2:1-70 SemanticTokenTypes_Comment
3:1-83 SemanticTokenTypes_Comment
4:1-3 SemanticTokenTypes_Comment
5:1-78 SemanticTokenTypes_Comment
6:1-78 SemanticTokenTypes_Comment
7:1-29 SemanticTokenTypes_Comment
8:1-37 SemanticTokenTypes_Comment
10:1-7 SemanticTokenTypes_Keyword
10:8-14 SemanticTokenTypes_Variable
10:15-17 SemanticTokenTypes_Keyword
10:18-19 SemanticTokenTypes_Keyword
10:20-24 SemanticTokenTypes_Keyword
11:1-7 SemanticTokenTypes_Keyword
11:8-23 SemanticTokenTypes_Variable
11:25-27 SemanticTokenTypes_Keyword
11:28-29 SemanticTokenTypes_Keyword
11:30-38 SemanticTokenTypes_Keyword
11:39-43 SemanticTokenTypes_Keyword
11:44-50 SemanticTokenTypes_Variable
11:51-53 SemanticTokenTypes_Keyword
11:54-61 SemanticTokenTypes_Variable
13:1-7 SemanticTokenTypes_Keyword
13:8-16 SemanticTokenTypes_Variable
13:17-19 SemanticTokenTypes_Keyword
13:20-21 SemanticTokenTypes_Keyword
13:22-26 SemanticTokenTypes_Keyword
14:1-7 SemanticTokenTypes_Keyword
14:8-42 SemanticTokenTypes_Variable
14:43-45 SemanticTokenTypes_Keyword
14:46-47 SemanticTokenTypes_Keyword
14:48-56 SemanticTokenTypes_Keyword
14:57-61 SemanticTokenTypes_Keyword
14:62-70 SemanticTokenTypes_Variable
14:71-73 SemanticTokenTypes_Keyword
14:74-81 SemanticTokenTypes_Variable
15:1-7 SemanticTokenTypes_Keyword
15:8-19 SemanticTokenTypes_Variable
15:20-22 SemanticTokenTypes_Keyword
15:23-24 SemanticTokenTypes_Keyword
15:25-33 SemanticTokenTypes_Keyword
15:34-38 SemanticTokenTypes_Keyword
15:39-47 SemanticTokenTypes_Variable
15:48-50 SemanticTokenTypes_Keyword
15:51-58 SemanticTokenTypes_Variable

Phase: Parse
1:1-2 SemanticTokenTypes_Operator
1:3-16 SemanticTokenTypes_Interface
2:1-70 SemanticTokenTypes_Comment
3:1-83 SemanticTokenTypes_Comment
4:1-3 SemanticTokenTypes_Comment
5:1-78 SemanticTokenTypes_Comment
6:1-78 SemanticTokenTypes_Comment
7:1-29 SemanticTokenTypes_Comment
8:1-37 SemanticTokenTypes_Comment
10:1-7 SemanticTokenTypes_Keyword
10:8-14 SemanticTokenTypes_Variable
10:15-17 SemanticTokenTypes_Keyword
10:18-19 SemanticTokenTypes_Keyword
10:20-24 SemanticTokenTypes_Keyword
11:1-7 SemanticTokenTypes_Keyword
11:8-23 SemanticTokenTypes_Variable
11:25-27 SemanticTokenTypes_Keyword
11:28-29 SemanticTokenTypes_Keyword
11:30-38 SemanticTokenTypes_Keyword
11:39-43 SemanticTokenTypes_Keyword
11:44-50 SemanticTokenTypes_Type
11:51-53 SemanticTokenTypes_Keyword
11:54-61 SemanticTokenTypes_Type
13:1-7 SemanticTokenTypes_Keyword
13:8-16 SemanticTokenTypes_Variable
13:17-19 SemanticTokenTypes_Keyword
13:20-21 SemanticTokenTypes_Keyword
13:22-26 SemanticTokenTypes_Keyword
14:1-7 SemanticTokenTypes_Keyword
14:8-42 SemanticTokenTypes_Variable
14:43-45 SemanticTokenTypes_Keyword
14:46-47 SemanticTokenTypes_Keyword
14:48-56 SemanticTokenTypes_Keyword
14:57-61 SemanticTokenTypes_Keyword
14:62-70 SemanticTokenTypes_Type
14:71-73 SemanticTokenTypes_Keyword
14:74-81 SemanticTokenTypes_Type
15:1-7 SemanticTokenTypes_Keyword
15:8-19 SemanticTokenTypes_Variable
15:20-22 SemanticTokenTypes_Keyword
15:23-24 SemanticTokenTypes_Keyword
15:25-33 SemanticTokenTypes_Keyword
15:34-38 SemanticTokenTypes_Keyword
15:39-47 SemanticTokenTypes_Type
15:48-50 SemanticTokenTypes_Keyword
15:51-58 SemanticTokenTypes_Type

Phase: Check
1:1-2 SemanticTokenTypes_Operator
1:3-16 SemanticTokenTypes_Interface
2:1-70 SemanticTokenTypes_Comment
3:1-83 SemanticTokenTypes_Comment
4:1-3 SemanticTokenTypes_Comment
5:1-78 SemanticTokenTypes_Comment
6:1-78 SemanticTokenTypes_Comment
7:1-29 SemanticTokenTypes_Comment
8:1-37 SemanticTokenTypes_Comment
10:1-7 SemanticTokenTypes_Keyword
10:8-14 SemanticTokenTypes_Type
10:15-17 SemanticTokenTypes_Keyword
10:18-19 SemanticTokenTypes_Keyword
10:20-24 SemanticTokenTypes_Keyword
11:1-7 SemanticTokenTypes_Keyword
11:8-23 SemanticTokenTypes_Variable
11:25-27 SemanticTokenTypes_Keyword
11:28-29 SemanticTokenTypes_Keyword
11:30-38 SemanticTokenTypes_Keyword
11:39-43 SemanticTokenTypes_Keyword
11:44-50 SemanticTokenTypes_Type
11:51-53 SemanticTokenTypes_Keyword
11:54-61 SemanticTokenTypes_Type
13:1-7 SemanticTokenTypes_Keyword
13:8-16 SemanticTokenTypes_Type
13:17-19 SemanticTokenTypes_Keyword
13:20-21 SemanticTokenTypes_Keyword
13:22-26 SemanticTokenTypes_Keyword
14:1-7 SemanticTokenTypes_Keyword
14:8-42 SemanticTokenTypes_Variable
14:43-45 SemanticTokenTypes_Keyword
14:46-47 SemanticTokenTypes_Keyword
14:48-56 SemanticTokenTypes_Keyword
14:57-61 SemanticTokenTypes_Keyword
14:62-70 SemanticTokenTypes_Type
14:71-73 SemanticTokenTypes_Keyword
14:74-81 SemanticTokenTypes_Type
15:1-7 SemanticTokenTypes_Keyword
15:8-19 SemanticTokenTypes_Variable
15:20-22 SemanticTokenTypes_Keyword
15:23-24 SemanticTokenTypes_Keyword
15:25-33 SemanticTokenTypes_Keyword
15:34-38 SemanticTokenTypes_Keyword
15:39-47 SemanticTokenTypes_Type
15:48-50 SemanticTokenTypes_Keyword
15:51-58 SemanticTokenTypes_Type

