Phase: Lexer
1:1-2 SemanticTokenTypes_Operator
1:3-23 SemanticTokenTypes_Variable
4:1-7 SemanticTokenTypes_Keyword
4:8-9 SemanticTokenTypes_Variable
4:10-12 SemanticTokenTypes_Keyword
4:13-14 SemanticTokenTypes_Keyword
4:15-22 SemanticTokenTypes_Variable
5:1-2 SemanticTokenTypes_Keyword
5:8-9 SemanticTokenTypes_Variable
5:10-11 SemanticTokenTypes_Keyword
5:13-14 SemanticTokenTypes_Keyword
5:15-16 SemanticTokenTypes_Variable
6:1-2 SemanticTokenTypes_Keyword
6:8-9 SemanticTokenTypes_Variable
6:10-11 SemanticTokenTypes_Keyword
6:13-14 SemanticTokenTypes_Keyword
6:15-21 SemanticTokenTypes_Variable
8:1-55 SemanticTokenTypes_Comment
10:1-2 SemanticTokenTypes_Keyword
10:8-9 SemanticTokenTypes_Variable
10:10-11 SemanticTokenTypes_Keyword
10:13-14 SemanticTokenTypes_Keyword
10:15-16 SemanticTokenTypes_Variable
12:1-5 SemanticTokenTypes_Variable
12:6-11 SemanticTokenTypes_Keyword
13:3-5 SemanticTokenTypes_Keyword
13:6-7 SemanticTokenTypes_Variable
13:8-10 SemanticTokenTypes_Keyword
13:11-16 SemanticTokenTypes_Keyword
13:17-18 SemanticTokenTypes_Variable
14:3-7 SemanticTokenTypes_Keyword
14:11-12 SemanticTokenTypes_Variable
15:8-10 SemanticTokenTypes_Keyword
15:11-12 SemanticTokenTypes_Variable
16:8-9 SemanticTokenTypes_Keyword
16:11-12 SemanticTokenTypes_Variable
17:3-7 SemanticTokenTypes_Keyword
17:8-12 SemanticTokenTypes_Variable

Phase: Parse
1:1-2 SemanticTokenTypes_Operator
1:3-23 SemanticTokenTypes_Interface
4:1-7 SemanticTokenTypes_Keyword
4:8-9 SemanticTokenTypes_Variable
4:10-12 SemanticTokenTypes_Keyword
4:13-14 SemanticTokenTypes_Keyword
4:15-22 SemanticTokenTypes_Type
5:1-2 SemanticTokenTypes_Keyword
5:8-9 SemanticTokenTypes_Variable
5:10-11 SemanticTokenTypes_Keyword
5:13-14 SemanticTokenTypes_Keyword
5:15-16 SemanticTokenTypes_Type
6:1-2 SemanticTokenTypes_Keyword
6:8-9 SemanticTokenTypes_Variable
6:10-11 SemanticTokenTypes_Keyword
6:13-14 SemanticTokenTypes_Keyword
6:15-21 SemanticTokenTypes_Type
8:1-55 SemanticTokenTypes_Comment
10:1-2 SemanticTokenTypes_Keyword
10:8-9 SemanticTokenTypes_Variable
10:10-11 SemanticTokenTypes_Keyword
10:13-14 SemanticTokenTypes_Keyword
10:15-16 SemanticTokenTypes_Type
12:1-5 SemanticTokenTypes_Variable
12:6-11 SemanticTokenTypes_Keyword
13:3-5 SemanticTokenTypes_Keyword
13:6-7 SemanticTokenTypes_Variable
13:8-10 SemanticTokenTypes_Keyword
13:11-16 SemanticTokenTypes_Keyword
13:17-18 SemanticTokenTypes_Variable
14:3-7 SemanticTokenTypes_Keyword
14:11-12 SemanticTokenTypes_Variable
15:8-10 SemanticTokenTypes_Keyword
15:11-12 SemanticTokenTypes_Variable
16:8-9 SemanticTokenTypes_Keyword
16:11-12 SemanticTokenTypes_Variable
17:3-7 SemanticTokenTypes_Keyword
17:8-12 SemanticTokenTypes_Variable

Phase: Check
1:1-2 SemanticTokenTypes_Operator
1:3-23 SemanticTokenTypes_Interface
4:1-7 SemanticTokenTypes_Keyword
4:8-9 SemanticTokenTypes_Variable
4:10-12 SemanticTokenTypes_Keyword
4:13-14 SemanticTokenTypes_Keyword
4:15-22 SemanticTokenTypes_Type
5:1-2 SemanticTokenTypes_Keyword
5:8-9 SemanticTokenTypes_Variable
5:10-11 SemanticTokenTypes_Keyword
5:13-14 SemanticTokenTypes_Keyword
5:15-16 SemanticTokenTypes_Type
6:1-2 SemanticTokenTypes_Keyword
6:8-9 SemanticTokenTypes_Variable
6:10-11 SemanticTokenTypes_Keyword
6:13-14 SemanticTokenTypes_Keyword
6:15-21 SemanticTokenTypes_Type
8:1-55 SemanticTokenTypes_Comment
10:1-2 SemanticTokenTypes_Keyword
10:8-9 SemanticTokenTypes_Variable
10:10-11 SemanticTokenTypes_Keyword
10:13-14 SemanticTokenTypes_Keyword
10:15-16 SemanticTokenTypes_Type
12:1-5 SemanticTokenTypes_Variable
12:6-11 SemanticTokenTypes_Keyword
13:3-5 SemanticTokenTypes_Keyword
13:6-7 SemanticTokenTypes_Variable
13:8-10 SemanticTokenTypes_Keyword
13:11-16 SemanticTokenTypes_Keyword
13:17-18 SemanticTokenTypes_Variable
14:3-7 SemanticTokenTypes_Keyword
14:11-12 SemanticTokenTypes_Variable
15:8-10 SemanticTokenTypes_Keyword
15:11-12 SemanticTokenTypes_Variable
16:8-9 SemanticTokenTypes_Keyword
16:11-12 SemanticTokenTypes_Variable
17:3-7 SemanticTokenTypes_Keyword
17:8-12 SemanticTokenTypes_Class

