`Person` where `name` is Alice, `age` is 30 and `address` is 123 Main St
