Parsing successful
Typechecking successful
Evaluation successful
british-citizen-act.l4:57:1-17:
  TRUE
british-citizen-act.l4:73:1-71:
  TRUE
