`Total Interest Amount`
`Total Repayment Amount`
`Monthly Interest Rate`
`Monthly Installment Amount`
executing contract `Payment Obligations` with `Total Repayment Amount` at `Day` with `February` with 4 and 2025 with the following events:  party `The Borrower` did `pay monthly installment to` with `The Lender` and `USD` with 2256.46 at `Day` with `March` with 4 and 2025 party `The Borrower` did `pay monthly installment to` with `The Lender` and `USD` with 2256.46 at `Day` with `April` with 4 and 2025 party `The Borrower` did `pay monthly installment to` with `The Lender` and `USD` with 2256.46 at `Day` with `May` with 4 and 2025 party `The Borrower` did `pay monthly installment to` with `The Lender` and `USD` with 2256.46 at `Day` with `June` with 4 and 2025 party `The Borrower` did `pay monthly installment to` with `The Lender` and `USD` with 2256.46 at `Day` with `July` with 4 and 2025 party `The Borrower` did `pay monthly installment to` with `The Lender` and `USD` with 2256.46 at `Day` with `August` with 4 and 2025 party `The Borrower` did `pay monthly installment to` with `The Lender` and `USD` with 2256.46 at `Day` with `September` with 4 and 2025 party `The Borrower` did `pay monthly installment to` with `The Lender` and `USD` with 2256.46 at `Day` with `October` with 4 and 2025 party `The Borrower` did `pay monthly installment to` with `The Lender` and `USD` with 2256.46 at `Day` with `November` with 4 and 2025 party `The Borrower` did `pay monthly installment to` with `The Lender` and `USD` with 2256.46 at `Day` with `December` with 4 and 2025 party `The Borrower` did `pay monthly installment to` with `The Lender` and `USD` with 2256.46 at `Day` with `January` with 4 and 2026 party `The Borrower` did `pay monthly installment to` with `The Lender` and `USD` with 2256.46 at `Day` with `February` with 4 and 2026
executing contract `Payment Obligations` with `Total Repayment Amount` at `Day` with `February` with 4 and 2025 with the following events:  party `The Borrower` did `pay monthly installment to` with `The Lender` and `USD` with 2256.46 at `Day` with `April` with 3 and 2025
